su
yum -y install libevent
安装libfastcommon

tracker编译安装 


3、配置安装路径 
cd libevent-2.0.21-stable 
./configure -prefix=/usr
4、编译并安装 
make 
make install
5、测试libevent是否安装成功： 
# ls -al /usr/lib | grep libevent

wget https://github.com/happyfish100/libfastcommon/archive/master.zip -P /home/master/Downloads
unzip master.zip 
一定将libfastcommon-master移入/usr/local

cd libfastcommon-master/ 
./make.sh  
./make.sh install


[master@master-01 init.d]$ ll /usr/bin/ | grep fdfs
-rwxr-xr-x. 1 root root     267588 Jul  7 19:02 fdfs_appender_test
-rwxr-xr-x. 1 root root     267325 Jul  7 19:02 fdfs_appender_test1
-rwxr-xr-x. 1 root root     257629 Jul  7 19:02 fdfs_append_file
-rwxr-xr-x. 1 root root     257161 Jul  7 19:02 fdfs_crc32
-rwxr-xr-x. 1 root root     257680 Jul  7 19:02 fdfs_delete_file
-rwxr-xr-x. 1 root root     258519 Jul  7 19:02 fdfs_download_file
-rwxr-xr-x. 1 root root     258237 Jul  7 19:02 fdfs_file_info
-rwxr-xr-x. 1 root root     270853 Jul  7 19:02 fdfs_monitor
-rwxr-xr-x. 1 root root     274028 Jul  7 19:02 fdfs_test
-rwxr-xr-x. 1 root root     273237 Jul  7 19:02 fdfs_test1
-rwxr-xr-x. 1 root root     258559 Jul  7 19:02 fdfs_upload_appender
-rwxr-xr-x. 1 root root     259665 Jul  7 19:02 fdfs_upload_file


fastDfs安装后，配置Tracker服务器
# the base path to store data and log files  modify
创建basepah路径
base_path=/fastdfs/tracker
mkdir -p /fastdfs/tracker

防火墙中打开tracker服务器
（1）防火墙已关，不做操作
[root@master-01 fdfs]# /etc/init.d/fdfs_trackerd start
file /usr/local/bin/fdfs_trackerd does not exist!

[root@master-01 fdfs]# /usr/bin/fdfs_trackerd /etc/fdfs/tracker.conf restart
bash: /usr/bin/fdfs_trackerd: No such file or directory

将运行命令行添加进文件：/usr/bin/fdfs_trackerd/etc/fdfs/tracker.conf restart

[root@master-01 bin]# /usr/bin/fdfs_trackerd /etc/fdfs/tracker.conf restart

                                      
[root@master-01 init.d]# cp -f fdfs_storaged /usr/bin

[root@ser-tracker-230 FastDFS]# /etc/init.d/fdfs_trackerd start
file /usr/local/bin/stop.sh does not exist!




cp *.sh /usr/local/bin/

cd /usr/bin
cp fdfs_trackerd /usr/local/bin

[root@master-01 bin]# cp *.sh /usr/local/bin


[root@master-01 bin]# /usr/bin/fdfs_trackerd restart

查看端口情况：netstat -apn|grep fdfs
[root@master-01 fdfs]# ps -ef |grep fdfs_trackerd

防火墙相关

[root@master-01 fdfs]# /usr/bin/fdfs_upload_file /etc/fdfs/client.conf /home/master/Desktop/1.png 
group1/M00/00/00/wKhAll0h_jmAfNmHAAIDzxLwp_w471.png

5.11版本
[root@master-01 fdfs]# wget https://github.com/happyfish100/fastdfs/archive/V5.11.tar.gz -P /home/master/Desktop/
[root@master-01 fastdfs]# cp V5.11 /usr/local
[root@master-01 fastdfs]# tar -zxvf V5.11 
cd fastdfs-5.11
./make.sh
./make.sh install

wget https://github.com/happyfish100/fastdfs-nginx-module/archive/master.zip


fastdfs1.11版本对应fastdfs-ngnix-module版本为1.20

https://github.com/happyfish100/fastdfs-nginx-module/ 

ngfix相关
[root@master-01 fastdfs]# wget https://github.com/happyfish100/fastdfs-nginx-module/archive/master.zip -P 
/home/master/Desktop/
unzip master
[root@master-01 Desktop]# mv fastdfs-nginx-module-master /usr/local


ngfix下载安装
[root@master-01 local]# wget http://nginx.org/download/nginx-1.10.0.tar.gz -P /home/master/Desktop/
[root@master-01 local]# tar xf nginx-1.10.0.tar.gz 
yum -y install pcre pcre-devel zlib zlib-devel

[root@master-01 nginx-1.10.0]#
 ./configure --prefix==/usr/local/ngnix --sbin-path=/usr/bin/ngnix --add-module=/usr/local/fastdfs-nginx-module-master/src

cd 
nginx 1.12
fast-module-1.16


make[1]: *** [objs/addon/src/ngx_http_fastdfs_module.o] Error 1
make[1]: Leaving directory `/usr/local/nginx-1.12.0'

修改fastdfs-nginx 那个src下config,去掉local
cd fastdfs-nginx-module/src 
vi config 
去掉/local   
CORE_INCS="$CORE_INCS /usr/include/fastdfs /usr/include/fastcommon/" 

CORE_INCS="$CORE_INCS /usr/local/include/fastdfs /usr/local/include/fastcommon/"
     CORE_LIBS="$CORE_LIBS -L/usr/local/lib -lfastcommon -lfdfsclient"

 CORE_INCS="$CORE_INCS /usr/include/fastdfs /usr/include/fastcommon/"
    CORE_LIBS="$CORE_LIBS  -lfastcommon -lfdfsclient"




In file included from /usr/local/fastdfs-nginx-module-master/src/ngx_http_fastdfs_module.c:6:
/usr/local/fastdfs-nginx-module-master/src/common.c: In function ‘fdfs_do_format_range’:
/usr/local/fastdfs-nginx-module-master/src/common.c:519: error: expected ‘)’ before ‘PRId64’
cc1: warnings being treated as errors



--------------------- 
作者：爱在那一天之小兵 
来源：CSDN 
原文：https://blog.csdn.net/qq_34898847/article/details/82258453 
版权声明：本文为博主原创文章，转载请附上博文链接！
软连接 
ln -s /usr/lib64/libfastcommon.so /usr/local/lib/libfastcommon.so 
ln -s /usr/lib64/libfastcommon.so /usr/lib/libfastcommon.so 
ln -s /usr/lib64/libfdfsclient.so /usr/local/lib/libfdfsclient.so 
ln -s /usr/lib64/libfdfsclient.so /usr/lib/libfdfsclient.so  

collect2: ld returned 1 exit status
make[1]: *** [objs/nginx] Error 1
make[1]: Leaving directory `/usr/l


rpm -qa pcre



[root@master-01 nginx-1.15.1]# ./configure \
> --prefix=/usr/local/nginx\
> --pid-path=/var/run/nginx/nginx.pid\
> --lock-path=/var/lock/nginx.lock\
> --error-log-path=/var/log/nginx/error.log\
> --http-log-path=/var/log/nginx/access.log\
> --with-http_gzip_static_module\
> --http-client-body-temp-path=/var/temp/nginx/client\
> --http-proxy-temp-path=/var/temp/nginx/proxy\
> --http-fastcgi-temp-path=/var/temp/nginx/fastcgi\
> --http-uwsgi-temp-path=/var/temp/nginx/uwsgi\
> --http-scgi-temp-path=/var/temp/nginx/scgi\
> --add-module=/usr/local/fastdfs-nginx-module-master/src


make
make install   成功

配置nginx下nginx.conf


[master@master-01 fastdfs-5.11]$ cd conf
[master@master-01 conf]$ ls
anti-steal.jpg  http.conf   storage.conf      tracker.conf
client.conf     mime.types  storage_ids.conf
[master@master-01 conf]$ cp http.conf /etc/fdfs/
cp: cannot create regular file `/etc/fdfs/http.conf': Permission denied
[master@master-01 conf]$ su
Password: 
[root@master-01 conf]# cp http.conf /etc/fdfs/
[root@master-01 conf]# cp mime.types /etc/fdfs/

[master@master-01 fdfs]$ vim mod_fastdfs.conf 
[root@master-01 fdfs]# ln -s /fastdfs/storage/data/ /fastdfs/storage/data/M00

继续修改nginx/nginx.conf
#user  nobody;注释去掉,nonody改为root



src/common.c:669: error: expected ‘)’ before ‘PRId64’
修改common.c ,#include<inttypes.h>

/usr/local/fastdfs-nginx-module-1.20/src/common.c:598: error: implicit declaration of function ‘get_current_time_us’



fastdfs-nginx-module1.20
nginx1.15

启动nginx：
/usr/local/nginx/sbin/nginx  
1
用如下命令查看nginx是否启动了： 
netstat -tupln | grep nginx  
netstat -apn |grep fdfs

本地访问不了nginx服务器
cd /etc/sysconfig
[root@master-01 sysconfig]# cat iptables
# Firewall configuration written by system-config-firewall
# Manual customization of this file is not recommended.
*filter
:INPUT ACCEPT [0:0]
:FORWARD ACCEPT [0:0]
:OUTPUT ACCEPT [0:0]
-A INPUT -m state --state ESTABLISHED,RELATED -j ACCEPT
-A INPUT -p icmp -j ACCEPT
-A INPUT -i lo -j ACCEPT
-A INPUT -m state --state NEW -m tcp -p tcp --dport 22 -j ACCEPT
-A INPUT -j REJECT --reject-with icmp-host-prohibited
-A FORWARD -j REJECT --reject-with icmp-host-prohibited
-A INPUT -m state --state NEW -m tcp -p tcp --dport 22122 -j ACCEPT
-A INPUT -m state --state NEW -m tcp -p tcp 


添加  -A INPUT -m state --state NEW -m tcp -p tcp --dport 80 -j ACCEPT









https://github.com/happyfish100/fastdfs-nginx-module/
参考https://www.cnblogs.com/chiangchou/p/fastdfs.html
# wget https://github.com/happyfish100/fastdfs-nginx-module/archive/5e5f3566bbfa57418b5506aaefbe107a42c9fcb1.zip


vim /etc/rc.d/rc.local








主机访问不了centos上的nginx服务



Microsoft Telnet> o 192.168.64.150 80
正在连接192.168.64.150...无法打开到主机的连接。 在端口 80: 连接失败
Microsoft Telnet> o 192.168.64.150 9999
正在连接192.168.64.150...

遗失对主机的连接。

Microsoft Telnet>
Microsoft Telnet> o 192.168.64.150 10001
正在连接192.168.64.150...无法打开到主机的连接。 在端口 10001: 连接失败
Microsoft Telnet>
配置端口映射
NAT模式下
对虚拟机，编辑虚拟网络设置，选择NAT模式
add 




